This is pdfTeX, Version 3.141592653-2.6-1.40.25 (MiKTeX 24.1) (preloaded format=pdflatex 2025.11.29)  1 DEC 2025 01:06
entering extended mode
 restricted \write18 enabled.
 file:line:error style messages enabled.
 %&-line parsing enabled.
**"c:/Users/Adwait/Desktop/Adwait/Mtech Notes/Project/thesis/thesis.tex"
(c:/Users/Adwait/Desktop/Adwait/Mtech Notes/Project/thesis/thesis.tex
LaTeX2e <2023-11-01> patch level 1
L3 programming layer <2024-01-04>
(H:\MiKTex\tex/latex/base\report.cls
Document Class: report 2023/05/17 v1.4n Standard LaTeX document class
(H:\MiKTex\tex/latex/base\size12.clo
File: size12.clo 2023/05/17 v1.4n Standard LaTeX file (size option)
)
\c@part=\count187
\c@chapter=\count188
\c@section=\count189
\c@subsection=\count190
\c@subsubsection=\count191
\c@paragraph=\count192
\c@subparagraph=\count193
\c@figure=\count194
\c@table=\count195
\abovecaptionskip=\skip48
\belowcaptionskip=\skip49
\bibindent=\dimen140
) (H:\MiKTex\tex/latex/geometry\geometry.sty
Package: geometry 2020/01/02 v5.9 Page Geometry
 (H:\MiKTex\tex/latex/graphics\keyval.sty
Package: keyval 2022/05/29 v1.15 key=value parser (DPC)
\KV@toks@=\toks17
) (H:\MiKTex\tex/generic/iftex\ifvtex.sty
Package: ifvtex 2019/10/25 v1.7 ifvtex legacy package. Use iftex instead.
 (H:\MiKTex\tex/generic/iftex\iftex.sty
Package: iftex 2022/02/03 v1.0f TeX engine tests
))
\Gm@cnth=\count196
\Gm@cntv=\count197
\c@Gm@tempcnt=\count198
\Gm@bindingoffset=\dimen141
\Gm@wd@mp=\dimen142
\Gm@odd@mp=\dimen143
\Gm@even@mp=\dimen144
\Gm@layoutwidth=\dimen145
\Gm@layoutheight=\dimen146
\Gm@layouthoffset=\dimen147
\Gm@layoutvoffset=\dimen148
\Gm@dimlist=\toks18
 (H:\MiKTex\tex/latex/geometry\geometry.cfg)) (H:\MiKTex\tex/latex/lm\lmodern.sty
Package: lmodern 2015/05/01 v1.6.1 Latin Modern Fonts
LaTeX Font Info:    Overwriting symbol font `operators' in version `normal'
(Font)                  OT1/cmr/m/n --> OT1/lmr/m/n on input line 22.
LaTeX Font Info:    Overwriting symbol font `letters' in version `normal'
(Font)                  OML/cmm/m/it --> OML/lmm/m/it on input line 23.
LaTeX Font Info:    Overwriting symbol font `symbols' in version `normal'
(Font)                  OMS/cmsy/m/n --> OMS/lmsy/m/n on input line 24.
LaTeX Font Info:    Overwriting symbol font `largesymbols' in version `normal'
(Font)                  OMX/cmex/m/n --> OMX/lmex/m/n on input line 25.
LaTeX Font Info:    Overwriting symbol font `operators' in version `bold'
(Font)                  OT1/cmr/bx/n --> OT1/lmr/bx/n on input line 26.
LaTeX Font Info:    Overwriting symbol font `letters' in version `bold'
(Font)                  OML/cmm/b/it --> OML/lmm/b/it on input line 27.
LaTeX Font Info:    Overwriting symbol font `symbols' in version `bold'
(Font)                  OMS/cmsy/b/n --> OMS/lmsy/b/n on input line 28.
LaTeX Font Info:    Overwriting symbol font `largesymbols' in version `bold'
(Font)                  OMX/cmex/m/n --> OMX/lmex/m/n on input line 29.
LaTeX Font Info:    Overwriting math alphabet `\mathbf' in version `normal'
(Font)                  OT1/cmr/bx/n --> OT1/lmr/bx/n on input line 31.
LaTeX Font Info:    Overwriting math alphabet `\mathsf' in version `normal'
(Font)                  OT1/cmss/m/n --> OT1/lmss/m/n on input line 32.
LaTeX Font Info:    Overwriting math alphabet `\mathit' in version `normal'
(Font)                  OT1/cmr/m/it --> OT1/lmr/m/it on input line 33.
LaTeX Font Info:    Overwriting math alphabet `\mathtt' in version `normal'
(Font)                  OT1/cmtt/m/n --> OT1/lmtt/m/n on input line 34.
LaTeX Font Info:    Overwriting math alphabet `\mathbf' in version `bold'
(Font)                  OT1/cmr/bx/n --> OT1/lmr/bx/n on input line 35.
LaTeX Font Info:    Overwriting math alphabet `\mathsf' in version `bold'
(Font)                  OT1/cmss/bx/n --> OT1/lmss/bx/n on input line 36.
LaTeX Font Info:    Overwriting math alphabet `\mathit' in version `bold'
(Font)                  OT1/cmr/bx/it --> OT1/lmr/bx/it on input line 37.
LaTeX Font Info:    Overwriting math alphabet `\mathtt' in version `bold'
(Font)                  OT1/cmtt/m/n --> OT1/lmtt/m/n on input line 38.
) (H:\MiKTex\tex/latex/microtype\microtype.sty
Package: microtype 2025/07/09 v3.2b Micro-typographical refinements (RS)
 (H:\MiKTex\tex/latex/etoolbox\etoolbox.sty
Package: etoolbox 2020/10/05 v2.5k e-TeX tools for LaTeX (JAW)
\etb@tempcnta=\count199
)
\MT@toks=\toks19
\MT@tempbox=\box51
\MT@count=\count266
LaTeX Info: Redefining \noprotrusionifhmode on input line 1087.
LaTeX Info: Redefining \leftprotrusion on input line 1088.
\MT@prot@toks=\toks20
LaTeX Info: Redefining \rightprotrusion on input line 1107.
LaTeX Info: Redefining \textls on input line 1449.
\MT@outer@kern=\dimen149
LaTeX Info: Redefining \microtypecontext on input line 2053.
LaTeX Info: Redefining \textmicrotypecontext on input line 2070.
\MT@listname@count=\count267
 (H:\MiKTex\tex/latex/microtype\microtype-pdftex.def
File: microtype-pdftex.def 2025/07/09 v3.2b Definitions specific to pdftex (RS)
LaTeX Info: Redefining \lsstyle on input line 944.
LaTeX Info: Redefining \lslig on input line 944.
\MT@outer@space=\skip50
)
Package microtype Info: Loading configuration file microtype.cfg.
 (H:\MiKTex\tex/latex/microtype\microtype.cfg
File: microtype.cfg 2025/07/09 v3.2b microtype main configuration file (RS)
)
LaTeX Info: Redefining \microtypesetup on input line 3065.
) (H:\MiKTex\tex/latex/setspace\setspace.sty
Package: setspace 2022/12/04 v6.7b set line spacing
) (H:\MiKTex\tex/latex/graphics\graphicx.sty
Package: graphicx 2021/09/16 v1.2d Enhanced LaTeX Graphics (DPC,SPQR)
 (H:\MiKTex\tex/latex/graphics\graphics.sty
Package: graphics 2022/03/10 v1.4e Standard LaTeX Graphics (DPC,SPQR)
 (H:\MiKTex\tex/latex/graphics\trig.sty
Package: trig 2021/08/11 v1.11 sin cos tan (DPC)
) (H:\MiKTex\tex/latex/graphics-cfg\graphics.cfg
File: graphics.cfg 2016/06/04 v1.11 sample graphics configuration
)
Package graphics Info: Driver file: pdftex.def on input line 107.
 (H:\MiKTex\tex/latex/graphics-def\pdftex.def
File: pdftex.def 2022/09/22 v1.2b Graphics/color driver for pdftex
))
\Gin@req@height=\dimen150
\Gin@req@width=\dimen151
) (H:\MiKTex\tex/latex/float\float.sty
Package: float 2001/11/08 v1.3d Float enhancements (AL)
\c@float@type=\count268
\float@exts=\toks21
\float@box=\box52
\@float@everytoks=\toks22
\@floatcapt=\box53
) (H:\MiKTex\tex/latex/adjustbox\adjustbox.sty
Package: adjustbox 2025/02/26 v1.3c Adjusting TeX boxes (trim, clip, ...)
 (H:\MiKTex\tex/latex/xkeyval\xkeyval.sty
Package: xkeyval 2022/06/16 v2.9 package option processing (HA)
 (H:\MiKTex\tex/generic/xkeyval\xkeyval.tex (H:\MiKTex\tex/generic/xkeyval\xkvutils.tex
\XKV@toks=\toks23
\XKV@tempa@toks=\toks24
)
\XKV@depth=\count269
File: xkeyval.tex 2014/12/03 v2.7a key=value parser (HA)
)) (H:\MiKTex\tex/latex/adjustbox\adjcalc.sty
Package: adjcalc 2012/05/16 v1.1 Provides advanced setlength with multiple back-ends (calc, etex, pgfmath)
) (H:\MiKTex\tex/latex/adjustbox\trimclip.sty
Package: trimclip 2025/02/21 v1.2a Trim and clip general TeX material
 (H:\MiKTex\tex/latex/collectbox\collectbox.sty
Package: collectbox 2022/10/17 v0.4c Collect macro arguments as boxes
\collectedbox=\box54
)
\tc@llx=\dimen152
\tc@lly=\dimen153
\tc@urx=\dimen154
\tc@ury=\dimen155
Package trimclip Info: Using driver 'tc-pdftex.def'.
 (H:\MiKTex\tex/latex/adjustbox\tc-pdftex.def
File: tc-pdftex.def 2025/02/26 v2.3 Clipping driver for pdftex
))
\adjbox@Width=\dimen156
\adjbox@Height=\dimen157
\adjbox@Depth=\dimen158
\adjbox@Totalheight=\dimen159
\adjbox@pwidth=\dimen160
\adjbox@pheight=\dimen161
\adjbox@pdepth=\dimen162
\adjbox@ptotalheight=\dimen163
 (H:\MiKTex\tex/latex/ifoddpage\ifoddpage.sty
Package: ifoddpage 2022/10/18 v1.2 Conditionals for odd/even page detection
\c@checkoddpage=\count270
) (H:\MiKTex\tex/latex/varwidth\varwidth.sty
Package: varwidth 2009/03/30 ver 0.92;  Variable-width minipages
\@vwid@box=\box55
\sift@deathcycles=\count271
\@vwid@loff=\dimen164
\@vwid@roff=\dimen165
)) (H:\MiKTex\tex/latex/caption\subcaption.sty
Package: subcaption 2023/07/28 v1.6b Sub-captions (AR)
 (H:\MiKTex\tex/latex/caption\caption.sty
Package: caption 2023/08/05 v3.6o Customizing captions (AR)
 (H:\MiKTex\tex/latex/caption\caption3.sty
Package: caption3 2023/07/31 v2.4d caption3 kernel (AR)
\caption@tempdima=\dimen166
\captionmargin=\dimen167
\caption@leftmargin=\dimen168
\caption@rightmargin=\dimen169
\caption@width=\dimen170
\caption@indent=\dimen171
\caption@parindent=\dimen172
\caption@hangindent=\dimen173
Package caption Info: Standard document class detected.
)
\c@caption@flags=\count272
\c@continuedfloat=\count273
Package caption Info: float package is loaded.
)
Package caption Info: New subtype `subfigure' on input line 238.
\c@subfigure=\count274
Package caption Info: New subtype `subtable' on input line 238.
\c@subtable=\count275
) (H:\MiKTex\tex/latex/placeins\placeins.sty
Package: placeins 2005/04/18  v 2.2
) (H:\MiKTex\tex/latex/amsmath\amsmath.sty
Package: amsmath 2023/05/13 v2.17o AMS math features
\@mathmargin=\skip51

For additional information on amsmath, use the `?' option.
(H:\MiKTex\tex/latex/amsmath\amstext.sty
Package: amstext 2021/08/26 v2.01 AMS text
 (H:\MiKTex\tex/latex/amsmath\amsgen.sty
File: amsgen.sty 1999/11/30 v2.0 generic functions
\@emptytoks=\toks25
\ex@=\dimen174
)) (H:\MiKTex\tex/latex/amsmath\amsbsy.sty
Package: amsbsy 1999/11/29 v1.2d Bold Symbols
\pmbraise@=\dimen175
) (H:\MiKTex\tex/latex/amsmath\amsopn.sty
Package: amsopn 2022/04/08 v2.04 operator names
)
\inf@bad=\count276
LaTeX Info: Redefining \frac on input line 234.
\uproot@=\count277
\leftroot@=\count278
LaTeX Info: Redefining \overline on input line 399.
LaTeX Info: Redefining \colon on input line 410.
\classnum@=\count279
\DOTSCASE@=\count280
LaTeX Info: Redefining \ldots on input line 496.
LaTeX Info: Redefining \dots on input line 499.
LaTeX Info: Redefining \cdots on input line 620.
\Mathstrutbox@=\box56
\strutbox@=\box57
LaTeX Info: Redefining \big on input line 722.
LaTeX Info: Redefining \Big on input line 723.
LaTeX Info: Redefining \bigg on input line 724.
LaTeX Info: Redefining \Bigg on input line 725.
\big@size=\dimen176
LaTeX Font Info:    Redeclaring font encoding OML on input line 743.
LaTeX Font Info:    Redeclaring font encoding OMS on input line 744.
\macc@depth=\count281
LaTeX Info: Redefining \bmod on input line 905.
LaTeX Info: Redefining \pmod on input line 910.
LaTeX Info: Redefining \smash on input line 940.
LaTeX Info: Redefining \relbar on input line 970.
LaTeX Info: Redefining \Relbar on input line 971.
\c@MaxMatrixCols=\count282
\dotsspace@=\muskip16
\c@parentequation=\count283
\dspbrk@lvl=\count284
\tag@help=\toks26
\row@=\count285
\column@=\count286
\maxfields@=\count287
\andhelp@=\toks27
\eqnshift@=\dimen177
\alignsep@=\dimen178
\tagshift@=\dimen179
\tagwidth@=\dimen180
\totwidth@=\dimen181
\lineht@=\dimen182
\@envbody=\toks28
\multlinegap=\skip52
\multlinetaggap=\skip53
\mathdisplay@stack=\toks29
LaTeX Info: Redefining \[ on input line 2953.
LaTeX Info: Redefining \] on input line 2954.
) (H:\MiKTex\tex/latex/amsfonts\amssymb.sty
Package: amssymb 2013/01/14 v3.01 AMS font symbols
 (H:\MiKTex\tex/latex/amsfonts\amsfonts.sty
Package: amsfonts 2013/01/14 v3.01 Basic AMSFonts support
\symAMSa=\mathgroup4
\symAMSb=\mathgroup5
LaTeX Font Info:    Redeclaring math symbol \hbar on input line 98.
LaTeX Font Info:    Overwriting math alphabet `\mathfrak' in version `bold'
(Font)                  U/euf/m/n --> U/euf/b/n on input line 106.
)) (H:\MiKTex\tex/latex/mathtools\mathtools.sty
Package: mathtools 2024/10/04 v1.31 mathematical typesetting tools
 (H:\MiKTex\tex/latex/tools\calc.sty
Package: calc 2023/07/08 v4.3 Infix arithmetic (KKT,FJ)
\calc@Acount=\count288
\calc@Bcount=\count289
\calc@Adimen=\dimen183
\calc@Bdimen=\dimen184
\calc@Askip=\skip54
\calc@Bskip=\skip55
LaTeX Info: Redefining \setlength on input line 80.
LaTeX Info: Redefining \addtolength on input line 81.
\calc@Ccount=\count290
\calc@Cskip=\skip56
) (H:\MiKTex\tex/latex/mathtools\mhsetup.sty
Package: mhsetup 2021/03/18 v1.4 programming setup (MH)
)
\g_MT_multlinerow_int=\count291
\l_MT_multwidth_dim=\dimen185
\origjot=\skip57
\l_MT_shortvdotswithinadjustabove_dim=\dimen186
\l_MT_shortvdotswithinadjustbelow_dim=\dimen187
\l_MT_above_intertext_sep=\dimen188
\l_MT_below_intertext_sep=\dimen189
\l_MT_above_shortintertext_sep=\dimen190
\l_MT_below_shortintertext_sep=\dimen191
\xmathstrut@box=\box58
\xmathstrut@dim=\dimen192
) (H:\MiKTex\tex/latex/tools\bm.sty
Package: bm 2023/07/08 v1.2f Bold Symbol Support (DPC/FMi)
\symboldoperators=\mathgroup6
\symboldletters=\mathgroup7
\symboldsymbols=\mathgroup8
Package bm Info: No bold for \OMX/lmex/m/n, using \pmb.
Package bm Info: No bold for \U/msa/m/n, using \pmb.
Package bm Info: No bold for \U/msb/m/n, using \pmb.
LaTeX Font Info:    Redeclaring math alphabet \mathbf on input line 149.
) (H:\MiKTex\tex/latex/tocbibind\tocbibind.sty
Package: tocbibind 2010/10/13 v1.5k extra ToC listings
Package tocbibind Info: The document has chapter divisions on input line 50.


Package tocbibind Note: Using chapter style headings, unless overridden.

) (H:\MiKTex\tex/latex/wrapfig\wrapfig.sty
\wrapoverhang=\dimen193
\WF@size=\dimen194
\c@WF@wrappedlines=\count292
\WF@box=\box59
\WF@everypar=\toks30
Package: wrapfig 2003/01/31  v 3.6
) (H:\MiKTex\tex/latex/multirow\multirow.sty
Package: multirow 2024/11/12 v2.9 Span multiple rows of a table
\multirow@colwidth=\skip58
\multirow@cntb=\count293
\multirow@dima=\skip59
\bigstrutjot=\dimen195
) (H:\MiKTex\tex/latex/biblatex\biblatex.sty
Package: biblatex 2023/03/05 v3.19 programmable bibliographies (PK/MW)
 (H:\MiKTex\tex/generic/pdftexcmds\pdftexcmds.sty
Package: pdftexcmds 2020-06-27 v0.33 Utility functions of pdfTeX for LuaTeX (HO)
 (H:\MiKTex\tex/generic/infwarerr\infwarerr.sty
Package: infwarerr 2019/12/03 v1.5 Providing info/warning/error messages (HO)
) (H:\MiKTex\tex/generic/ltxcmds\ltxcmds.sty
Package: ltxcmds 2023-12-04 v1.26 LaTeX kernel commands for general use (HO)
)
Package pdftexcmds Info: \pdf@primitive is available.
Package pdftexcmds Info: \pdf@ifprimitive is available.
Package pdftexcmds Info: \pdfdraftmode found.
) (H:\MiKTex\tex/latex/kvoptions\kvoptions.sty
Package: kvoptions 2022-06-15 v3.15 Key value format for package options (HO)
 (H:\MiKTex\tex/latex/kvsetkeys\kvsetkeys.sty
Package: kvsetkeys 2022-10-05 v1.19 Key value parser (HO)
)) (H:\MiKTex\tex/latex/logreq\logreq.sty
Package: logreq 2010/08/04 v1.0 xml request logger
\lrq@indent=\count294
 (H:\MiKTex\tex/latex/logreq\logreq.def
File: logreq.def 2010/08/04 v1.0 logreq spec v1.0
)) (H:\MiKTex\tex/latex/base\ifthen.sty
Package: ifthen 2022/04/13 v1.1d Standard LaTeX ifthen package (DPC)
) (H:\MiKTex\tex/latex/url\url.sty
\Urlmuskip=\muskip17
Package: url 2013/09/16  ver 3.4  Verb mode for urls, etc.
)
\c@tabx@nest=\count295
\c@listtotal=\count296
\c@listcount=\count297
\c@liststart=\count298
\c@liststop=\count299
\c@citecount=\count300
\c@citetotal=\count301
\c@multicitecount=\count302
\c@multicitetotal=\count303
\c@instcount=\count304
\c@maxnames=\count305
\c@minnames=\count306
\c@maxitems=\count307
\c@minitems=\count308
\c@citecounter=\count309
\c@maxcitecounter=\count310
\c@savedcitecounter=\count311
\c@uniquelist=\count312
\c@uniquename=\count313
\c@refsection=\count314
\c@refsegment=\count315
\c@maxextratitle=\count316
\c@maxextratitleyear=\count317
\c@maxextraname=\count318
\c@maxextradate=\count319
\c@maxextraalpha=\count320
\c@abbrvpenalty=\count321
\c@highnamepenalty=\count322
\c@lownamepenalty=\count323
\c@maxparens=\count324
\c@parenlevel=\count325
\blx@tempcnta=\count326
\blx@tempcntb=\count327
\blx@tempcntc=\count328
\c@blx@maxsection=\count329
\blx@maxsegment@0=\count330
\blx@notetype=\count331
\blx@parenlevel@text=\count332
\blx@parenlevel@foot=\count333
\blx@sectionciteorder@0=\count334
\blx@sectionciteorderinternal@0=\count335
\blx@entrysetcounter=\count336
\blx@biblioinstance=\count337
\labelnumberwidth=\skip60
\labelalphawidth=\skip61
\biblabelsep=\skip62
\bibitemsep=\skip63
\bibnamesep=\skip64
\bibinitsep=\skip65
\bibparsep=\skip66
\bibhang=\skip67
\blx@bcfin=\read2
\blx@bcfout=\write3
\blx@langwohyphens=\language79
\c@mincomprange=\count338
\c@maxcomprange=\count339
\c@mincompwidth=\count340
Package biblatex Info: Trying to load biblatex default data model...
Package biblatex Info: ... file 'blx-dm.def' found.
 (H:\MiKTex\tex/latex/biblatex\blx-dm.def
File: blx-dm.def 2023/03/05 v3.19 biblatex localization (PK/MW)
)
Package biblatex Info: Trying to load biblatex style data model...
Package biblatex Info: ... file 'ieee.dbx' not found.
Package biblatex Info: Trying to load biblatex custom data model...
Package biblatex Info: ... file 'biblatex-dm.cfg' not found.
\c@afterword=\count341
\c@savedafterword=\count342
\c@annotator=\count343
\c@savedannotator=\count344
\c@author=\count345
\c@savedauthor=\count346
\c@bookauthor=\count347
\c@savedbookauthor=\count348
\c@commentator=\count349
\c@savedcommentator=\count350
\c@editor=\count351
\c@savededitor=\count352
\c@editora=\count353
\c@savededitora=\count354
\c@editorb=\count355
\c@savededitorb=\count356
\c@editorc=\count357
\c@savededitorc=\count358
\c@foreword=\count359
\c@savedforeword=\count360
\c@holder=\count361
\c@savedholder=\count362
\c@introduction=\count363
\c@savedintroduction=\count364
\c@namea=\count365
\c@savednamea=\count366
\c@nameb=\count367
\c@savednameb=\count368
\c@namec=\count369
\c@savednamec=\count370
\c@translator=\count371
\c@savedtranslator=\count372
\c@shortauthor=\count373
\c@savedshortauthor=\count374
\c@shorteditor=\count375
\c@savedshorteditor=\count376
\c@labelname=\count377
\c@savedlabelname=\count378
\c@institution=\count379
\c@savedinstitution=\count380
\c@lista=\count381
\c@savedlista=\count382
\c@listb=\count383
\c@savedlistb=\count384
\c@listc=\count385
\c@savedlistc=\count386
\c@listd=\count387
\c@savedlistd=\count388
\c@liste=\count389
\c@savedliste=\count390
\c@listf=\count391
\c@savedlistf=\count392
\c@location=\count393
\c@savedlocation=\count394
\c@organization=\count395
\c@savedorganization=\count396
\c@origlocation=\count397
\c@savedoriglocation=\count398
\c@origpublisher=\count399
\c@savedorigpublisher=\count400
\c@publisher=\count401
\c@savedpublisher=\count402
\c@language=\count403
\c@savedlanguage=\count404
\c@origlanguage=\count405
\c@savedoriglanguage=\count406
\c@pageref=\count407
\c@savedpageref=\count408
\shorthandwidth=\skip68
\shortjournalwidth=\skip69
\shortserieswidth=\skip70
\shorttitlewidth=\skip71
\shortauthorwidth=\skip72
\shorteditorwidth=\skip73
\locallabelnumberwidth=\skip74
\locallabelalphawidth=\skip75
\localshorthandwidth=\skip76
\localshortjournalwidth=\skip77
\localshortserieswidth=\skip78
\localshorttitlewidth=\skip79
\localshortauthorwidth=\skip80
\localshorteditorwidth=\skip81
Package biblatex Info: Trying to load compatibility code...
Package biblatex Info: ... file 'blx-compat.def' found.
 (H:\MiKTex\tex/latex/biblatex\blx-compat.def
File: blx-compat.def 2023/03/05 v3.19 biblatex compatibility (PK/MW)
)
Package biblatex Info: Trying to load generic definitions...
Package biblatex Info: ... file 'biblatex.def' found.
 (H:\MiKTex\tex/latex/biblatex\biblatex.def
File: biblatex.def 2023/03/05 v3.19 biblatex compatibility (PK/MW)
\c@textcitecount=\count409
\c@textcitetotal=\count410
\c@textcitemaxnames=\count411
\c@biburlbigbreakpenalty=\count412
\c@biburlbreakpenalty=\count413
\c@biburlnumpenalty=\count414
\c@biburlucpenalty=\count415
\c@biburllcpenalty=\count416
\biburlbigskip=\muskip18
\biburlnumskip=\muskip19
\biburlucskip=\muskip20
\biburllcskip=\muskip21
\c@smartand=\count417
)
Package biblatex Info: Trying to load bibliography style 'ieee'...
Package biblatex Info: ... file 'ieee.bbx' found.
 (H:\MiKTex\tex/latex/biblatex-ieee\ieee.bbx
File: ieee.bbx 2025-08-01 v1.4f biblatex bibliography style
Package biblatex Info: Trying to load bibliography style 'numeric-comp'...
Package biblatex Info: ... file 'numeric-comp.bbx' found.
 (H:\MiKTex\tex/latex/biblatex/bbx\numeric-comp.bbx
File: numeric-comp.bbx 2023/03/05 v3.19 biblatex bibliography style (PK/MW)
Package biblatex Info: Trying to load bibliography style 'numeric'...
Package biblatex Info: ... file 'numeric.bbx' found.
 (H:\MiKTex\tex/latex/biblatex/bbx\numeric.bbx
File: numeric.bbx 2023/03/05 v3.19 biblatex bibliography style (PK/MW)
Package biblatex Info: Trying to load bibliography style 'standard'...
Package biblatex Info: ... file 'standard.bbx' found.
 (H:\MiKTex\tex/latex/biblatex/bbx\standard.bbx
File: standard.bbx 2023/03/05 v3.19 biblatex bibliography style (PK/MW)
\c@bbx:relatedcount=\count418
\c@bbx:relatedtotal=\count419
))))
Package biblatex Info: Trying to load citation style 'ieee'...
Package biblatex Info: ... file 'ieee.cbx' found.
 (H:\MiKTex\tex/latex/biblatex-ieee\ieee.cbx
File: ieee.cbx 2025-08-01 v1.4f biblatex citation style
Package biblatex Info: Trying to load citation style 'numeric-verb'...
Package biblatex Info: ... file 'numeric-verb.cbx' found.
 (H:\MiKTex\tex/latex/biblatex/cbx\numeric-verb.cbx
File: numeric-verb.cbx 2023/03/05 v3.19 biblatex citation style (PK/MW)
Package biblatex Info: Redefining '\cite'.
Package biblatex Info: Redefining '\parencite'.
Package biblatex Info: Redefining '\footcite'.
Package biblatex Info: Redefining '\footcitetext'.
Package biblatex Info: Redefining '\smartcite'.
Package biblatex Info: Redefining '\textcite'.
Package biblatex Info: Redefining '\supercite'.
Package biblatex Info: Redefining '\parencites'.
Package biblatex Info: Redefining '\smartcites'.
Package biblatex Info: Redefining '\textcites'.
))
Package biblatex Info: Trying to load configuration file...
Package biblatex Info: ... file 'biblatex.cfg' found.
 (H:\MiKTex\tex/latex/biblatex\biblatex.cfg
File: biblatex.cfg 
)
Package biblatex Info: Input encoding 'utf8' detected.
Package biblatex Info: Document encoding is UTF8 ....
 (H:\MiKTex\tex/latex/l3kernel\expl3.sty
Package: expl3 2024-01-04 L3 programming layer (loader) 
 (H:\MiKTex\tex/latex/l3backend\l3backend-pdftex.def
File: l3backend-pdftex.def 2024-01-04 L3 backend support: PDF output (pdfTeX)
\l__color_backend_stack_int=\count420
\l__pdf_internal_box=\box60
))
Package biblatex Info: ... and expl3
(biblatex)             2024-01-04 L3 programming layer (loader) 
(biblatex)             is new enough (at least 2020/04/06),
(biblatex)             setting 'casechanger=expl3'.
 (H:\MiKTex\tex/latex/biblatex\blx-case-expl3.sty (H:\MiKTex\tex/latex/l3packages/xparse\xparse.sty
Package: xparse 2023-10-10 L3 Experimental document command parser
)
Package: blx-case-expl3 2023/03/05 v3.19 expl3 case changing code for biblatex
)) (H:\MiKTex\tex/latex/hyperref\hyperref.sty
Package: hyperref 2023-11-26 v7.01g Hypertext links for LaTeX
 (H:\MiKTex\tex/generic/kvdefinekeys\kvdefinekeys.sty
Package: kvdefinekeys 2019-12-19 v1.6 Define keys (HO)
) (H:\MiKTex\tex/generic/pdfescape\pdfescape.sty
Package: pdfescape 2019/12/09 v1.15 Implements pdfTeX's escape features (HO)
) (H:\MiKTex\tex/latex/hycolor\hycolor.sty
Package: hycolor 2020-01-27 v1.10 Color options for hyperref/bookmark (HO)
) (H:\MiKTex\tex/latex/letltxmacro\letltxmacro.sty
Package: letltxmacro 2019/12/03 v1.6 Let assignment for LaTeX macros (HO)
) (H:\MiKTex\tex/latex/auxhook\auxhook.sty
Package: auxhook 2019-12-17 v1.6 Hooks for auxiliary files (HO)
) (H:\MiKTex\tex/latex/hyperref\nameref.sty
Package: nameref 2023-11-26 v2.56 Cross-referencing by name of section
 (H:\MiKTex\tex/latex/refcount\refcount.sty
Package: refcount 2019/12/15 v3.6 Data extraction from label references (HO)
) (H:\MiKTex\tex/generic/gettitlestring\gettitlestring.sty
Package: gettitlestring 2019/12/15 v1.6 Cleanup title references (HO)
)
\c@section@level=\count421
)
\@linkdim=\dimen196
\Hy@linkcounter=\count422
\Hy@pagecounter=\count423
 (H:\MiKTex\tex/latex/hyperref\pd1enc.def
File: pd1enc.def 2023-11-26 v7.01g Hyperref: PDFDocEncoding definition (HO)
Now handling font encoding PD1 ...
... no UTF-8 mapping file for font encoding PD1
) (H:\MiKTex\tex/generic/intcalc\intcalc.sty
Package: intcalc 2019/12/15 v1.3 Expandable calculations with integers (HO)
)
\Hy@SavedSpaceFactor=\count424
 (H:\MiKTex\tex/latex/hyperref\puenc.def
File: puenc.def 2023-11-26 v7.01g Hyperref: PDF Unicode definition (HO)
Now handling font encoding PU ...
... no UTF-8 mapping file for font encoding PU
)
Package hyperref Info: Hyper figures OFF on input line 4181.
Package hyperref Info: Link nesting OFF on input line 4186.
Package hyperref Info: Hyper index ON on input line 4189.
Package hyperref Info: Plain pages OFF on input line 4196.
Package hyperref Info: Backreferencing OFF on input line 4201.
Package hyperref Info: Implicit mode ON; LaTeX internals redefined.
Package hyperref Info: Bookmarks ON on input line 4448.
\c@Hy@tempcnt=\count425
LaTeX Info: Redefining \url on input line 4786.
\XeTeXLinkMargin=\dimen197
 (H:\MiKTex\tex/generic/bitset\bitset.sty
Package: bitset 2019/12/09 v1.3 Handle bit-vector datatype (HO)
 (H:\MiKTex\tex/generic/bigintcalc\bigintcalc.sty
Package: bigintcalc 2019/12/15 v1.5 Expandable calculations on big integers (HO)
))
\Fld@menulength=\count426
\Field@Width=\dimen198
\Fld@charsize=\dimen199
Package hyperref Info: Hyper figures OFF on input line 6065.
Package hyperref Info: Link nesting OFF on input line 6070.
Package hyperref Info: Hyper index ON on input line 6073.
Package hyperref Info: backreferencing OFF on input line 6080.
Package hyperref Info: Link coloring OFF on input line 6085.
Package hyperref Info: Link coloring with OCG OFF on input line 6090.
Package hyperref Info: PDF/A mode OFF on input line 6095.
 (H:\MiKTex\tex/latex/base\atbegshi-ltx.sty
Package: atbegshi-ltx 2021/01/10 v1.0c Emulation of the original atbegshi
package with kernel methods
)
\Hy@abspage=\count427
\c@Item=\count428
\c@Hfootnote=\count429
)
Package hyperref Info: Driver (autodetected): hpdftex.
 (H:\MiKTex\tex/latex/hyperref\hpdftex.def
File: hpdftex.def 2023-11-26 v7.01g Hyperref driver for pdfTeX
 (H:\MiKTex\tex/latex/base\atveryend-ltx.sty
Package: atveryend-ltx 2020/08/19 v1.0a Emulation of the original atveryend package
with kernel methods
)
\Fld@listcount=\count430
\c@bookmark@seq@number=\count431
 (H:\MiKTex\tex/latex/rerunfilecheck\rerunfilecheck.sty
Package: rerunfilecheck 2025-06-21 v1.11 Rerun checks for auxiliary files (HO)
 (H:\MiKTex\tex/generic/uniquecounter\uniquecounter.sty
Package: uniquecounter 2019/12/15 v1.4 Provide unlimited unique counter (HO)
)
Package uniquecounter Info: New unique counter `rerunfilecheck' on input line 284.
)
\Hy@SectionHShift=\skip82
) (H:\MiKTex\tex/latex/fancyhdr\fancyhdr.sty
Package: fancyhdr 2025/02/07 v5.2 Extensive control of page headers and footers
\f@nch@headwidth=\skip83
\f@nch@offset@elh=\skip84
\f@nch@offset@erh=\skip85
\f@nch@offset@olh=\skip86
\f@nch@offset@orh=\skip87
\f@nch@offset@elf=\skip88
\f@nch@offset@erf=\skip89
\f@nch@offset@olf=\skip90
\f@nch@offset@orf=\skip91
\f@nch@height=\skip92
\f@nch@footalignment=\skip93
\f@nch@widthL=\skip94
\f@nch@widthC=\skip95
\f@nch@widthR=\skip96
\@temptokenb=\toks31
)
\@quotelevel=\count432
\@quotereset=\count433
LaTeX Font Info:    Trying to load font information for OT1+lmr on input line 71.
 (H:\MiKTex\tex/latex/lm\ot1lmr.fd
File: ot1lmr.fd 2015/05/01 v1.6.1 Font defs for Latin Modern
) (thesis.aux

LaTeX Warning: Label `tab:model_summary' multiply defined.

)
\openout1 = `thesis.aux'.

LaTeX Font Info:    Checking defaults for OML/cmm/m/it on input line 71.
LaTeX Font Info:    ... okay on input line 71.
LaTeX Font Info:    Checking defaults for OMS/cmsy/m/n on input line 71.
LaTeX Font Info:    ... okay on input line 71.
LaTeX Font Info:    Checking defaults for OT1/cmr/m/n on input line 71.
LaTeX Font Info:    ... okay on input line 71.
LaTeX Font Info:    Checking defaults for T1/cmr/m/n on input line 71.
LaTeX Font Info:    ... okay on input line 71.
LaTeX Font Info:    Checking defaults for TS1/cmr/m/n on input line 71.
LaTeX Font Info:    ... okay on input line 71.
LaTeX Font Info:    Checking defaults for OMX/cmex/m/n on input line 71.
LaTeX Font Info:    ... okay on input line 71.
LaTeX Font Info:    Checking defaults for U/cmr/m/n on input line 71.
LaTeX Font Info:    ... okay on input line 71.
LaTeX Font Info:    Checking defaults for PD1/pdf/m/n on input line 71.
LaTeX Font Info:    ... okay on input line 71.
LaTeX Font Info:    Checking defaults for PU/pdf/m/n on input line 71.
LaTeX Font Info:    ... okay on input line 71.

*geometry* driver: auto-detecting
*geometry* detected driver: pdftex
*geometry* verbose mode - [ preamble ] result:
* driver: pdftex
* paper: a4paper
* layout: <same size as paper>
* layoutoffset:(h,v)=(0.0pt,0.0pt)
* modes: 
* h-part:(L,W,R)=(108.405pt, 431.28667pt, 57.81621pt)
* v-part:(T,H,B)=(72.26999pt, 664.37186pt, 108.405pt)
* \paperwidth=597.50787pt
* \paperheight=845.04684pt
* \textwidth=431.28667pt
* \textheight=664.37186pt
* \oddsidemargin=36.13501pt
* \evensidemargin=36.13501pt
* \topmargin=-37.0pt
* \headheight=14.5pt
* \headsep=25.0pt
* \topskip=12.0pt
* \footskip=30.0pt
* \marginparwidth=35.0pt
* \marginparsep=10.0pt
* \columnsep=10.0pt
* \skip\footins=10.8pt plus 4.0pt minus 2.0pt
* \hoffset=0.0pt
* \voffset=0.0pt
* \mag=1000
* \@twocolumnfalse
* \@twosidefalse
* \@mparswitchfalse
* \@reversemarginfalse
* (1in=72.27pt=25.4mm, 1cm=28.453pt)

Package microtype Info: Patching varwidth to enable character protrusion.
\MT@vwid@leftmargin=\dimen256
\MT@vwid@rightmargin=\dimen257
LaTeX Info: Redefining \microtypecontext on input line 71.
Package microtype Info: Applying patch `item' on input line 71.
Package microtype Info: Applying patch `toc' on input line 71.
Package microtype Info: Applying patch `eqnum' on input line 71.
Package microtype Info: Applying patch `footnote' on input line 71.
Package microtype Info: Applying patch `verbatim' on input line 71.
LaTeX Info: Redefining \microtypesetup on input line 71.
Package microtype Info: Generating PDF output.
Package microtype Info: Character protrusion enabled (level 2).
Package microtype Info: Using default protrusion set `alltext'.
Package microtype Info: Automatic font expansion enabled (level 2),
(microtype)             stretch: 20, shrink: 20, step: 1, non-selected.
Package microtype Info: Using default expansion set `alltext-nott'.
Package microtype Info: Patching command `\showhyphens'.
Package microtype Info: No adjustment of tracking.
Package microtype Info: No adjustment of interword spacing.
Package microtype Info: No adjustment of character kerning.
(H:\MiKTex\tex/latex/microtype\mt-cmr.cfg
File: mt-cmr.cfg 2013/05/19 v2.2 microtype config. file: Computer Modern Roman (RS)
) (H:\MiKTex\tex/context/base/mkii\supp-pdf.mkii
[Loading MPS to PDF converter (version 2006.09.02).]
\scratchcounter=\count434
\scratchdimen=\dimen258
\scratchbox=\box61
\nofMPsegments=\count435
\nofMParguments=\count436
\everyMPshowfont=\toks32
\MPscratchCnt=\count437
\MPscratchDim=\dimen259
\MPnumerator=\count438
\makeMPintoPDFobject=\count439
\everyMPtoPDFconversion=\toks33
) (H:\MiKTex\tex/latex/epstopdf-pkg\epstopdf-base.sty
Package: epstopdf-base 2020-01-24 v2.11 Base part for package epstopdf
Package epstopdf-base Info: Redefining graphics rule for `.eps' on input line 485.
 (H:\MiKTex\tex/latex/00miktex\epstopdf-sys.cfg
File: epstopdf-sys.cfg 2021/03/18 v2.0 Configuration of epstopdf for MiKTeX
))
Package caption Info: Begin \AtBeginDocument code.
Package caption Info: hyperref package is loaded.
Package caption Info: wrapfig package is loaded.
Package caption Info: End \AtBeginDocument code.
Package biblatex Info: Trying to load language 'english'...
Package biblatex Info: ... file 'english.lbx' found.
 (H:\MiKTex\tex/latex/biblatex/lbx\english.lbx
File: english.lbx 2023/03/05 v3.19 biblatex localization (PK/MW)
)
Package biblatex Info: Input encoding 'utf8' detected.
Package biblatex Info: Automatic encoding selection.
(biblatex)             Assuming data encoding 'utf8'.
\openout3 = `thesis.bcf'.

Package biblatex Info: Trying to load bibliographic data...
Package biblatex Info: ... file 'thesis.bbl' found.
 (thesis.bbl)
Package biblatex Info: Reference section=0 on input line 71.
Package biblatex Info: Reference segment=0 on input line 71.
Package hyperref Info: Link coloring OFF on input line 71.
 (thesis.out) (thesis.out)
\@outlinefile=\write4
\openout4 = `thesis.out'.

 (titlepage.tex
<Images/VnitLogo.pdf, id=446, 296.10625pt x 171.64125pt>
File: Images/VnitLogo.pdf Graphic file (type pdf)
<use Images/VnitLogo.pdf>
Package pdftex.def Info: Images/VnitLogo.pdf  used on input line 62.
(pdftex.def)             Requested size: 129.38731pt x 75.00117pt.
 [1

{C:/Users/Adwait/AppData/Local/MiKTeX/fonts/map/pdftex/pdftex.map}{H:/MiKTex/fonts/enc/dvips/lm/lm-rm.enc} <./Images/VnitLogo.pdf>]) (copyrightpage.tex
File: Images/VnitLogo.pdf Graphic file (type pdf)
<use Images/VnitLogo.pdf>
Package pdftex.def Info: Images/VnitLogo.pdf  used on input line 53.
(pdftex.def)             Requested size: 129.38731pt x 75.00117pt.
LaTeX Font Info:    Trying to load font information for TS1+lmr on input line 65.
 (H:\MiKTex\tex/latex/lm\ts1lmr.fd
File: ts1lmr.fd 2015/05/01 v1.6.1 Font defs for Latin Modern
)
pdfTeX warning (ext4): destination with the same identifier (name{page.}) has been already used, duplicate ignored
<to be read again> 
                   \relax 
l.70 \end{titlepage}
                     [1{H:/MiKTex/fonts/enc/dvips/lm/lm-ts1.enc}]) (declaration.tex
<Images/vnit.jpg, id=465, 107.65219pt x 117.43875pt>
File: Images/vnit.jpg Graphic file (type jpg)
<use Images/vnit.jpg>
Package pdftex.def Info: Images/vnit.jpg  used on input line 15.
(pdftex.def)             Requested size: 57.81757pt x 57.81607pt.
LaTeX Font Info:    Trying to load font information for OML+lmm on input line 32.
 (H:\MiKTex\tex/latex/lm\omllmm.fd
File: omllmm.fd 2015/05/01 v1.6.1 Font defs for Latin Modern
)
LaTeX Font Info:    Trying to load font information for OMS+lmsy on input line 32.
 (H:\MiKTex\tex/latex/lm\omslmsy.fd
File: omslmsy.fd 2015/05/01 v1.6.1 Font defs for Latin Modern
)
LaTeX Font Info:    Trying to load font information for OMX+lmex on input line 32.
 (H:\MiKTex\tex/latex/lm\omxlmex.fd
File: omxlmex.fd 2015/05/01 v1.6.1 Font defs for Latin Modern
)
LaTeX Font Info:    External font `lmex10' loaded for size
(Font)              <14.4> on input line 32.
LaTeX Font Info:    External font `lmex10' loaded for size
(Font)              <10> on input line 32.
LaTeX Font Info:    External font `lmex10' loaded for size
(Font)              <7> on input line 32.
LaTeX Font Info:    Trying to load font information for U+msa on input line 32.
 (H:\MiKTex\tex/latex/amsfonts\umsa.fd
File: umsa.fd 2013/01/14 v3.01 AMS symbols A
) (H:\MiKTex\tex/latex/microtype\mt-msa.cfg
File: mt-msa.cfg 2006/02/04 v1.1 microtype config. file: AMS symbols (a) (RS)
)
LaTeX Font Info:    Trying to load font information for U+msb on input line 32.
 (H:\MiKTex\tex/latex/amsfonts\umsb.fd
File: umsb.fd 2013/01/14 v3.01 AMS symbols B
) (H:\MiKTex\tex/latex/microtype\mt-msb.cfg
File: mt-msb.cfg 2005/06/01 v1.0 microtype config. file: AMS symbols (b) (RS)
)
Overfull \hbox (11.2735pt too wide) in paragraph at lines 34--36
[]\OT1/lmr/m/n/12 (-20) I, ''Ad-wait Shirish Son-awane'' hereby de-clare that the project work ti-tled ``\OT1/lmr/bx/n/12 (-20) Enhancing
 []

LaTeX Font Info:    External font `lmex10' loaded for size
(Font)              <12> on input line 41.
LaTeX Font Info:    External font `lmex10' loaded for size
(Font)              <8> on input line 41.
LaTeX Font Info:    External font `lmex10' loaded for size
(Font)              <6> on input line 41.

Overfull \hbox (20.23587pt too wide) in paragraph at lines 37--54
[]$[]$ $[]$ 
 []


Underfull \hbox (badness 10000) in paragraph at lines 67--68

 []


Overfull \hbox (63.36058pt too wide) in paragraph at lines 69--81
[]$[]$ $[]$ 
 []


Underfull \hbox (badness 10000) in paragraph at lines 69--81

 []

) (acknolodgment.tex [1

 <./Images/vnit.jpg>]) [2

] (sections/abstract.tex [3

]) (thesis.lof)
\tf@lof=\write5
\openout5 = `thesis.lof'.

 [4



] (thesis.lot [5


])
\tf@lot=\write6
\openout6 = `thesis.lot'.

 [6] (thesis.toc [7


] [8] [9])
\tf@toc=\write7
\openout7 = `thesis.toc'.

 [10]
Chapter 1.
(sections/introduction.tex [1


] [2] [3] [4] [5] [6]) [7]
Chapter 2.
(sections/literature.tex [8


] [9] [10] [11]
LaTeX Font Info:    External font `lmex10' loaded for size
(Font)              <10.95> on input line 64.

Overfull \hbox (1.80196pt too wide) in paragraph at lines 66--66
[]\OT1/lmr/bx/n/10.95 (-20) Paper/Study| 
 []


Underfull \hbox (badness 10000) in paragraph at lines 68--68
[]\OT1/lmr/m/n/10.95 (+20) A Hy-brid
 []


Underfull \hbox (badness 10000) in paragraph at lines 72--72
[]\OT1/lmr/m/n/10.95 (+20) Combining
 []


Underfull \hbox (badness 10000) in paragraph at lines 72--72
\OT1/lmr/m/n/10.95 (+20) News and
 []


Underfull \hbox (badness 10000) in paragraph at lines 72--72
\OT1/lmr/m/n/10.95 (+20) Tech-ni-cal
 []


Underfull \hbox (badness 4739) in paragraph at lines 73--73
\OT1/lmr/m/n/10.95 (+20) from past five days'
 []


Underfull \hbox (badness 10000) in paragraph at lines 77--77
[]\OT1/lmr/m/n/10.95 (+20) SMA, EMA, WMA,
 []


Underfull \hbox (badness 1215) in paragraph at lines 77--77
\OT1/lmr/m/n/10.95 (+20) MACD, ADX, Aroon,
 []


Underfull \hbox (badness 1478) in paragraph at lines 77--77
\OT1/lmr/m/n/10.95 (+20) Stochas-tic, RSI, SMI,
 []


Underfull \hbox (badness 5161) in paragraph at lines 77--77
\OT1/lmr/m/n/10.95 (+20) WPR, CCI, BBands,
 []


Underfull \hbox (badness 10000) in paragraph at lines 80--80
[]\OT1/lmr/m/n/10.95 (+20) Exploring
 []


Underfull \hbox (badness 6559) in paragraph at lines 80--80
\OT1/lmr/m/n/10.95 (+20) Deep Neu-ral
 []


Underfull \hbox (badness 10000) in paragraph at lines 81--81
[]\OT1/lmr/m/n/10.95 (+20) KD, RSI, BIAS,
 []


Underfull \hbox (badness 10000) in paragraph at lines 84--84
[]\OT1/lmr/m/n/10.95 (+20) A Hy-brid
 []


Underfull \hbox (badness 10000) in paragraph at lines 84--84
\OT1/lmr/m/n/10.95 (+20) CNN-LSTM
 []


Underfull \hbox (badness 10000) in paragraph at lines 85--85
[]\OT1/lmr/m/n/10.95 (+20) OHLCV + ad-justed
 []


Underfull \hbox (badness 10000) in paragraph at lines 85--85
\OT1/lmr/m/n/10.95 (+20) prices + tech-ni-cal
 []


Underfull \hbox (badness 5316) in paragraph at lines 90--90
[]\OT1/lmr/m/n/10.95 (+20) Stacked CNN-LSTM with Bidi-rec-tional
 []


Underfull \hbox (badness 10000) in paragraph at lines 92--92
[]\OT1/lmr/m/n/10.95 (+20) SVM for
 []


Underfull \hbox (badness 10000) in paragraph at lines 92--92
\OT1/lmr/m/n/10.95 (+20) In-done-sian
 []


Underfull \hbox (badness 1478) in paragraph at lines 93--93
[]\OT1/lmr/m/n/10.95 (+20) MA, Bollinger Bands,
 []


Underfull \hbox (badness 10000) in paragraph at lines 96--96
[]\OT1/lmr/m/n/10.95 (+20) A Mul-ti-
 []


Underfull \hbox (badness 10000) in paragraph at lines 96--96
\OT1/lmr/m/n/10.95 (+20) faceted Re-
 []


Underfull \hbox (badness 10000) in paragraph at lines 96--96
\OT1/lmr/m/n/10.95 (+20) in-force-ment
 []


Underfull \hbox (badness 2253) in paragraph at lines 96--96
\OT1/lmr/m/n/10.95 (+20) Learn-ing Ap-
 []


Underfull \hbox (badness 10000) in paragraph at lines 100--100
[]\OT1/lmr/m/n/10.95 (+20) CNN-LSTM
 []


Underfull \hbox (badness 10000) in paragraph at lines 100--100
\OT1/lmr/m/n/10.95 (+20) Model for
 []

[12

]
Underfull \hbox (badness 10000) in paragraph at lines 134--134
[]\OT1/lmr/m/n/10.95 (+20) LSTM-
 []


Underfull \hbox (badness 4899) in paragraph at lines 134--134
\OT1/lmr/m/n/10.95 (+20) Based Fore-
 []


Underfull \hbox (badness 10000) in paragraph at lines 135--135
[]\OT1/lmr/m/n/10.95 (+20) RSI, MACD, KD,
 []


Underfull \hbox (badness 10000) in paragraph at lines 136--136
[]\OT1/lmr/m/n/10.95 (+20) 4-layer
 []


Underfull \hbox (badness 1158) in paragraph at lines 137--138
[]\OT1/lmr/m/n/10.95 (+20) Achieved \OT1/lmr/bx/n/10.95 (+20) 83.6% \OT1/lmr/m/n/10.95 (+20) ac-cu-racy;
 []


Underfull \hbox (badness 10000) in paragraph at lines 139--139
[]\OT1/lmr/m/n/10.95 (+20) SVM-Based
 []


Underfull \hbox (badness 10000) in paragraph at lines 144--144
[]\OT1/lmr/m/n/10.95 (+20) Decision
 []


Underfull \hbox (badness 10000) in paragraph at lines 146--146
[]\OT1/lmr/m/n/10.95 (+20) Decision
 []


Underfull \hbox (badness 10000) in paragraph at lines 146--146
\OT1/lmr/m/n/10.95 (+20) Tree, Ran-
 []


Underfull \hbox (badness 3942) in paragraph at lines 146--146
\OT1/lmr/m/n/10.95 (+20) dom For-est,
 []


Underfull \hbox (badness 10000) in paragraph at lines 147--148
[]\OT1/lmr/m/n/10.95 (+20) Decision Tree achieved
 []


Underfull \hbox (badness 10000) in paragraph at lines 149--149
[]\OT1/lmr/m/n/10.95 (+20) CNN--LSTM
 []


Underfull \hbox (badness 10000) in paragraph at lines 151--151
[]\OT1/lmr/m/n/10.95 (+20) CNN--LSTM
 []


Underfull \hbox (badness 10000) in paragraph at lines 152--153
[]\OT1/lmr/m/n/10.95 (+20) Outperformed stan-dalone
 []


Underfull \hbox (badness 10000) in paragraph at lines 154--154
[]\OT1/lmr/m/n/10.95 (+20) SCLE Hy-
 []


Underfull \hbox (badness 10000) in paragraph at lines 156--156
[]\OT1/lmr/m/n/10.95 (+20) Stacked
 []


Underfull \hbox (badness 10000) in paragraph at lines 156--156
\OT1/lmr/m/n/10.95 (+20) CNN--LSTM
 []


Underfull \hbox (badness 2762) in paragraph at lines 156--156
\OT1/lmr/m/n/10.95 (+20) + At-ten-tion
 []


Underfull \hbox (badness 10000) in paragraph at lines 161--161
[]\OT1/lmr/m/n/10.95 (+20) A2C and
 []


Underfull \hbox (badness 3724) in paragraph at lines 161--161
\OT1/lmr/m/n/10.95 (+20) DDPG (Re-
 []


Underfull \hbox (badness 10000) in paragraph at lines 161--161
\OT1/lmr/m/n/10.95 (+20) in-force-ment
 []


Underfull \hbox (badness 1803) in paragraph at lines 162--163
\OT1/lmr/bx/n/10.95 (+20) ra-tio (0.13) \OT1/lmr/m/n/10.95 (+20) vs neg-a-tive
 []


Underfull \hbox (badness 10000) in paragraph at lines 164--164
\OT1/lmr/m/n/10.95 (+20) Model for
 []


Underfull \hbox (badness 4479) in paragraph at lines 165--165
[]\OT1/lmr/m/n/10.95 (+20) Price-derived fea-ture
 []


Underfull \hbox (badness 2253) in paragraph at lines 167--168
\OT1/lmr/m/n/10.95 (+20) and ef-fec-tive clas-si-fi-ca-tion
 []

[13

]) [14

] [15]
Chapter 3.
(sections/methodology.tex [16


]
Underfull \hbox (badness 10000) in paragraph at lines 54--54
[]\OT1/lmr/m/n/10.95 (+20) NIFTY-based
 []


Underfull \hbox (badness 10000) in paragraph at lines 55--55
[]\OT1/lmr/m/n/10.95 (+20) CNN--LSTM and base-line
 []


Underfull \hbox (badness 10000) in paragraph at lines 58--58
[]\OT1/lmr/m/n/10.95 (+20) Full-market
 []


Underfull \hbox (badness 10000) in paragraph at lines 59--59
[]\OT1/lmr/m/n/10.95 (+20) Transformer-based ar-chi-tec-
 []

[17]

LaTeX Warning: `!h' float specifier changed to `!ht'.

[18{H:/MiKTex/fonts/enc/dvips/lm/lm-mathit.enc}{H:/MiKTex/fonts/enc/dvips/lm/lm-mathsy.enc}] [19]
<Images/methodology/lstmBlk.png, id=836, 614.295pt x 247.52475pt>
File: Images/methodology/lstmBlk.png Graphic file (type png)
<use Images/methodology/lstmBlk.png>
Package pdftex.def Info: Images/methodology/lstmBlk.png  used on input line 175.
(pdftex.def)             Requested size: 431.28667pt x 173.78357pt.
 [20

 <./Images/methodology/lstmBlk.png>]
<Images/methodology/gru.png, id=843, 616.10175pt x 273.4215pt>
File: Images/methodology/gru.png Graphic file (type png)
<use Images/methodology/gru.png>
Package pdftex.def Info: Images/methodology/gru.png  used on input line 191.
(pdftex.def)             Requested size: 431.28667pt x 191.40207pt.
 [21

 <./Images/methodology/gru.png>]
<Images/methodology/cnnLstm.png, id=849, 616.704pt x 237.2865pt>
File: Images/methodology/cnnLstm.png Graphic file (type png)
<use Images/methodology/cnnLstm.png>
Package pdftex.def Info: Images/methodology/cnnLstm.png  used on input line 211.
(pdftex.def)             Requested size: 431.28667pt x 165.94733pt.
 [22

 <./Images/methodology/cnnLstm.png>]
<Images/methodology/transformer.png, id=855, 620.91975pt x 223.43475pt>
File: Images/methodology/transformer.png Graphic file (type png)
<use Images/methodology/transformer.png>
Package pdftex.def Info: Images/methodology/transformer.png  used on input line 231.
(pdftex.def)             Requested size: 431.28667pt x 155.19635pt.
 [23

 <./Images/methodology/transformer.png>]
<Images/methodology/dataFlow.png, id=861, 613.69275pt x 175.25475pt>
File: Images/methodology/dataFlow.png Graphic file (type png)
<use Images/methodology/dataFlow.png>
Package pdftex.def Info: Images/methodology/dataFlow.png  used on input line 263.
(pdftex.def)             Requested size: 431.28667pt x 123.16417pt.
) [24

 <./Images/methodology/dataFlow.png>]
Chapter 4.
(sections/experimentalSetup.tex

LaTeX Warning: `!h' float specifier changed to `!ht'.

[25


] [26] [27] [28]) [29]
Chapter 5.
(sections/modelDetails.tex [30


] [31]
LaTeX Font Info:    Trying to load font information for OT1+lmtt on input line 84.
 (H:\MiKTex\tex/latex/lm\ot1lmtt.fd
File: ot1lmtt.fd 2015/05/01 v1.6.1 Font defs for Latin Modern
)

LaTeX Warning: `h' float specifier changed to `ht'.


LaTeX Warning: `h' float specifier changed to `ht'.

[32{H:/MiKTex/fonts/enc/dvips/lm/lm-rmtt.enc}] [33]
Underfull \hbox (badness 1237) in paragraph at lines 188--189
[]\OT1/lmr/m/n/12 (+20) Stable train-ing dy-nam-ics for multi-stock
 []


LaTeX Warning: `h' float specifier changed to `ht'.

[34

] [35]

LaTeX Warning: `h' float specifier changed to `ht'.

[36] [37]
Overfull \hbox (101.6936pt too wide) in paragraph at lines 357--357
[][]| 
 []


LaTeX Warning: `h' float specifier changed to `ht'.

[38

]
Overfull \hbox (1.4219pt too wide) in paragraph at lines 371--371
[]\OT1/lmr/bx/n/14.4 (-20) Trained Trans-former Model Con-fig-u-ra-tions Trans-former
 []


Overfull \hbox (10.77367pt too wide) in paragraph at lines 379--402
 [][] 
 []


LaTeX Warning: `h' float specifier changed to `ht'.

[39]
Overfull \hbox (10.77367pt too wide) in paragraph at lines 414--437
 [][] 
 []


Underfull \hbox (badness 10000) in paragraph at lines 451--451
[]\OT1/lmr/m/n/12 (+20) Strong mem-ory
 []


Underfull \hbox (badness 10000) in paragraph at lines 451--451
[]\OT1/lmr/m/n/12 (+20) Slightly slower,
 []


Underfull \hbox (badness 10000) in paragraph at lines 451--451
\OT1/lmr/m/n/12 (+20) more com-plex
 []


Underfull \hbox (badness 1005) in paragraph at lines 453--453
\OT1/lmr/m/n/12 (+20) re-la-tions, scal-able,
 []


LaTeX Warning: `h' float specifier changed to `ht'.

[40] [41]
Overfull \hbox (7.58363pt too wide) in paragraph at lines 510--510
[][]| 
 []


Underfull \hbox (badness 10000) in paragraph at lines 510--511
[]$\OMS/lmsy/m/n/12 ^^O$ \OT1/lmr/m/n/12 (+20) Un-der-per-formed when trained on only
 []


Underfull \hbox (badness 10000) in paragraph at lines 510--511
\OT1/lmr/m/n/12 (+20) NIFTY50/NIFTY200 datasets due to lim-
 []


LaTeX Warning: `h' float specifier changed to `ht'.

[42

]
<Images/methodology/cnn_lstm_model_diagram.jpg, id=947, 605.26125pt x 101.178pt>
File: Images/methodology/cnn_lstm_model_diagram.jpg Graphic file (type jpg)
<use Images/methodology/cnn_lstm_model_diagram.jpg>
Package pdftex.def Info: Images/methodology/cnn_lstm_model_diagram.jpg  used on input line 532.
(pdftex.def)             Requested size: 431.28667pt x 72.09624pt.


LaTeX Warning: `h' float specifier changed to `ht'.

[43]

LaTeX Warning: `h' float specifier changed to `ht'.

) [44 <./Images/methodology/cnn_lstm_model_diagram.jpg>] [45]
Chapter 6.
(sections/results.tex
<Images/results/closeOnlySingleCompany.png, id=963, 925.95938pt x 479.54156pt>
File: Images/results/closeOnlySingleCompany.png Graphic file (type png)
<use Images/results/closeOnlySingleCompany.png>
Package pdftex.def Info: Images/results/closeOnlySingleCompany.png  used on input line 14.
(pdftex.def)             Requested size: 431.28667pt x 223.3577pt.


LaTeX Warning: `!h' float specifier changed to `!ht'.

<Images/results/GRUdirectTvVLoss.png, id=964, 505.89pt x 339.669pt>
File: Images/results/GRUdirectTvVLoss.png Graphic file (type png)
<use Images/results/GRUdirectTvVLoss.png>
Package pdftex.def Info: Images/results/GRUdirectTvVLoss.png  used on input line 21.
(pdftex.def)             Requested size: 431.28667pt x 289.58556pt.

LaTeX Warning: `!h' float specifier changed to `!ht'.

<Images/results/GRUIndicatorsTvVLoss.png, id=965, 511.6716pt x 339.669pt>
File: Images/results/GRUIndicatorsTvVLoss.png Graphic file (type png)
<use Images/results/GRUIndicatorsTvVLoss.png>
Package pdftex.def Info: Images/results/GRUIndicatorsTvVLoss.png  used on input line 28.
(pdftex.def)             Requested size: 431.28667pt x 286.30995pt.

LaTeX Warning: `!h' float specifier changed to `!ht'.

<Images/results/LSTMdirectTvVLoss.png, id=966, 623.6901pt x 395.3169pt>
File: Images/results/LSTMdirectTvVLoss.png Graphic file (type png)
<use Images/results/LSTMdirectTvVLoss.png>
Package pdftex.def Info: Images/results/LSTMdirectTvVLoss.png  used on input line 35.
(pdftex.def)             Requested size: 431.28667pt x 273.36008pt.

LaTeX Warning: `!h' float specifier changed to `!ht'.

<Images/results/TransformersIndicatorsTvVLoss.png, id=967, 505.89pt x 339.669pt>
File: Images/results/TransformersIndicatorsTvVLoss.png Graphic file (type png)
<use Images/results/TransformersIndicatorsTvVLoss.png>
Package pdftex.def Info: Images/results/TransformersIndicatorsTvVLoss.png  used on input line 42.
(pdftex.def)             Requested size: 431.28667pt x 289.58556pt.

LaTeX Warning: `!h' float specifier changed to `!ht'.

[46


] [47 <./Images/results/closeOnlySingleCompany.png> <./Images/results/GRUdirectTvVLoss.png>]

LaTeX Warning: Text page 48 contains only floats.

[48 <./Images/results/GRUIndicatorsTvVLoss.png> <./Images/results/LSTMdirectTvVLoss.png>]
<Images/results/DirectDifferentRegressionModelsTrainedOnSingleCompanyData.png, id=984, 892.83563pt x 471.26062pt>
File: Images/results/DirectDifferentRegressionModelsTrainedOnSingleCompanyData.png Graphic file (type png)
<use Images/results/DirectDifferentRegressionModelsTrainedOnSingleCompanyData.png>
Package pdftex.def Info: Images/results/DirectDifferentRegressionModelsTrainedOnSingleCompanyData.png  used on input line 63.
(pdftex.def)             Requested size: 431.28667pt x 227.64789pt.


LaTeX Warning: `!h' float specifier changed to `!ht'.

<Images/results/DifferentRegressionModelsTrainedOnSingleCompanyData.png, id=985, 1082.6046pt x 570.933pt>
File: Images/results/DifferentRegressionModelsTrainedOnSingleCompanyData.png Graphic file (type png)
<use Images/results/DifferentRegressionModelsTrainedOnSingleCompanyData.png>
Package pdftex.def Info: Images/results/DifferentRegressionModelsTrainedOnSingleCompanyData.png  used on input line 70.
(pdftex.def)             Requested size: 431.28667pt x 227.44571pt.

LaTeX Warning: `!h' float specifier changed to `!ht'.

<Images/results/SingleCompanyDatapredictionError.png, id=986, 850.67813pt x 447.92343pt>
File: Images/results/SingleCompanyDatapredictionError.png Graphic file (type png)
<use Images/results/SingleCompanyDatapredictionError.png>
Package pdftex.def Info: Images/results/SingleCompanyDatapredictionError.png  used on input line 77.
(pdftex.def)             Requested size: 431.28667pt x 227.09831pt.

LaTeX Warning: `!h' float specifier changed to `!ht'.

[49 <./Images/results/TransformersIndicatorsTvVLoss.png>] [50 <./Images/results/DirectDifferentRegressionModelsTrainedOnSingleCompanyData.png> <./Images/results/DifferentRegressionModelsTrainedOnSingleCompanyData.png>] [51 <./Images/results/SingleCompanyDatapredictionError.png>]
Overfull \hbox (163.85118pt too wide) in paragraph at lines 96--109
 [][] 
 []

[52


]
<Images/results/GRUdirect.png, id=1008, 628.0263pt x 339.669pt>
File: Images/results/GRUdirect.png Graphic file (type png)
<use Images/results/GRUdirect.png>
Package pdftex.def Info: Images/results/GRUdirect.png  used on input line 129.
(pdftex.def)             Requested size: 431.28667pt x 233.2679pt.
<Images/results/GRUIndicators.png, id=1009, 620.7993pt x 339.669pt>
File: Images/results/GRUIndicators.png Graphic file (type png)
<use Images/results/GRUIndicators.png>
Package pdftex.def Info: Images/results/GRUIndicators.png  used on input line 136.
(pdftex.def)             Requested size: 431.28667pt x 235.98375pt.


LaTeX Warning: `!h' float specifier changed to `!ht'.

<Images/results/LSTMdirect.png, id=1010, 732.8178pt x 395.3169pt>
File: Images/results/LSTMdirect.png Graphic file (type png)
<use Images/results/LSTMdirect.png>
Package pdftex.def Info: Images/results/LSTMdirect.png  used on input line 143.
(pdftex.def)             Requested size: 431.28667pt x 232.65585pt.

LaTeX Warning: `!h' float specifier changed to `!ht'.

<Images/results/TransformersIndicators.png, id=1011, 620.7993pt x 339.669pt>
File: Images/results/TransformersIndicators.png Graphic file (type png)
<use Images/results/TransformersIndicators.png>
Package pdftex.def Info: Images/results/TransformersIndicators.png  used on input line 150.
(pdftex.def)             Requested size: 431.28667pt x 235.98375pt.

LaTeX Warning: `!h' float specifier changed to `!ht'.

<Images/results/CNNLSTMIndicators.png, id=1012, 609.9588pt x 325.9377pt>
File: Images/results/CNNLSTMIndicators.png Graphic file (type png)
<use Images/results/CNNLSTMIndicators.png>
Package pdftex.def Info: Images/results/CNNLSTMIndicators.png  used on input line 157.
(pdftex.def)             Requested size: 431.28667pt x 230.46745pt.

LaTeX Warning: `!h' float specifier changed to `!ht'.


LaTeX Warning: `!h' float specifier changed to `!ht'.

<Images/results/CNNLSTMIndicatorsMA20.png, id=1013, 715.473pt x 270.2898pt>
File: Images/results/CNNLSTMIndicatorsMA20.png Graphic file (type png)
<use Images/results/CNNLSTMIndicatorsMA20.png>
Package pdftex.def Info: Images/results/CNNLSTMIndicatorsMA20.png  used on input line 187.
(pdftex.def)             Requested size: 431.28667pt x 162.92987pt.

LaTeX Warning: `!h' float specifier changed to `!ht'.

<Images/results/CNNLSTMIndicatorsSTD5.png, id=1014, 715.473pt x 270.2898pt>
File: Images/results/CNNLSTMIndicatorsSTD5.png Graphic file (type png)
<use Images/results/CNNLSTMIndicatorsSTD5.png>
Package pdftex.def Info: Images/results/CNNLSTMIndicatorsSTD5.png  used on input line 194.
(pdftex.def)             Requested size: 431.28667pt x 162.92987pt.

LaTeX Warning: `!h' float specifier changed to `!ht'.

<Images/results/CNNLSTMIndicatorsSTD20.png, id=1015, 715.473pt x 270.2898pt>
File: Images/results/CNNLSTMIndicatorsSTD20.png Graphic file (type png)
<use Images/results/CNNLSTMIndicatorsSTD20.png>
Package pdftex.def Info: Images/results/CNNLSTMIndicatorsSTD20.png  used on input line 201.
(pdftex.def)             Requested size: 431.28667pt x 162.92987pt.

LaTeX Warning: `!h' float specifier changed to `!ht'.

<Images/results/CNNLSTMIndicatorsValidationLossComparison.png, id=1016, 735.7086pt x 395.3169pt>
File: Images/results/CNNLSTMIndicatorsValidationLossComparison.png Graphic file (type png)
<use Images/results/CNNLSTMIndicatorsValidationLossComparison.png>
Package pdftex.def Info: Images/results/CNNLSTMIndicatorsValidationLossComparison.png  used on input line 208.
(pdftex.def)             Requested size: 431.28667pt x 231.74503pt.

LaTeX Warning: `!h' float specifier changed to `!ht'.


Underfull \hbox (badness 10000) in paragraph at lines 223--223
[]\OT1/lmr/m/n/12 (+20) EMA10: weighted
 []


Underfull \hbox (badness 10000) in paragraph at lines 223--223
\OT1/lmr/m/n/12 (+20) short-term trend;
 []


Underfull \hbox (badness 10000) in paragraph at lines 225--225
\OT1/lmr/bx/n/12 (+20) cent-age change\OT1/lmr/m/n/12 (+20) ,
 []


Underfull \hbox (badness 10000) in paragraph at lines 225--225
\OT1/lmr/m/n/12 (+20) STD20 mea-sures
 []


Underfull \hbox (badness 7238) in paragraph at lines 225--226
\OT1/lmr/m/n/12 (+20) cap-tures medium-term volatil-ity
 []


Overfull \hbox (28.20879pt too wide) in paragraph at lines 217--228
 [][] 
 []


LaTeX Warning: `!h' float specifier changed to `!ht'.


Underfull \hbox (badness 1024) in paragraph at lines 238--239
\OT1/lmr/m/n/12 (+20) and \OT1/lmr/bx/n/12 (+20) short-term mo-men-tum\OT1/lmr/m/n/12 (+20) ,
 []


Underfull \hbox (badness 10000) in paragraph at lines 240--240
[]\OT1/lmr/m/n/12 (+20) EMA10: weighted
 []


Underfull \hbox (badness 10000) in paragraph at lines 240--240
\OT1/lmr/m/n/12 (+20) short-term trend;
 []


Underfull \hbox (badness 10000) in paragraph at lines 242--242
\OT1/lmr/bx/n/12 (+20) cent-age change\OT1/lmr/m/n/12 (+20) ;
 []


Underfull \hbox (badness 10000) in paragraph at lines 242--242
\OT1/lmr/m/n/12 (+20) STD20 mea-sures
 []


Underfull \hbox (badness 10000) in paragraph at lines 242--242
\OT1/lmr/bx/n/12 (+20) volatil-ity of re-
 []


Overfull \hbox (13.9824pt too wide) in paragraph at lines 234--245
 [][] 
 []


LaTeX Warning: `!h' float specifier changed to `!ht'.

[53

 <./Images/results/GRUdirect.png>]

LaTeX Warning: Text page 54 contains only floats.

[54 <./Images/results/GRUIndicators.png> <./Images/results/LSTMdirect.png>] [55 <./Images/results/TransformersIndicators.png> <./Images/results/CNNLSTMIndicators.png>] [56 <./Images/results/CNNLSTMIndicatorsMA20.png> <./Images/results/CNNLSTMIndicatorsSTD5.png> <./Images/results/CNNLSTMIndicatorsSTD20.png>] [57 <./Images/results/CNNLSTMIndicatorsValidationLossComparison.png>] [58] [59


]) [60

]
Chapter 7.
(sections/summary.tex [61


] [62]) [63] [64]

LaTeX Warning: Empty bibliography on input line 136.

(thesis.aux)
 ***********
LaTeX2e <2023-11-01> patch level 1
L3 programming layer <2024-01-04>
 ***********


LaTeX Warning: There were multiply-defined labels.

Package rerunfilecheck Info: File `thesis.out' has not changed.
(rerunfilecheck)             Checksum: DA53CF6EBDBD5C3465AA0DA8F6BCA17C;22233.
Package logreq Info: Writing requests to 'thesis.run.xml'.
\openout1 = `thesis.run.xml'.

 ) 
Here is how much of TeX's memory you used:
 24173 strings out of 474485
 420715 string characters out of 5760145
 1945542 words of memory out of 5000000
 45600 multiletter control sequences out of 15000+600000
 652694 words of font info for 213 fonts, out of 8000000 for 9000
 1141 hyphenation exceptions out of 8191
 83i,12n,131p,1063b,856s stack positions out of 10000i,1000n,20000p,200000b,200000s
<H:/MiKTex/fonts/type1/public/lm/lmbx10.pfb><H:/MiKTex/fonts/type1/public/lm/lmbx12.pfb><H:/MiKTex/fonts/type1/public/lm/lmbxi10.pfb><H:/MiKTex/fonts/type1/public/lm/lmmi12.pfb><H:/MiKTex/fonts/type1/public/lm/lmr10.pfb><H:/MiKTex/fonts/type1/public/lm/lmr12.pfb><H:/MiKTex/fonts/type1/public/lm/lmr8.pfb><H:/MiKTex/fonts/type1/public/lm/lmsy10.pfb><H:/MiKTex/fonts/type1/public/lm/lmtt12.pfb>
Output written on thesis.pdf (76 pages, 3583374 bytes).
PDF statistics:
 1183 PDF objects out of 1200 (max. 8388607)
 272 named destinations out of 1000 (max. 500000)
 50678 words of extra memory for PDF output out of 51595 (max. 10000000)

